
PS C:\Users\DELL> echo "# resume-builder" >> README.md
PS C:\Users\DELL> git init
Reinitialized existing Git repository in C:/Users/DELL/.git/
PS C:\Users\DELL> git add README.md
PS C:\Users\DELL> git commit -m "first commit"
Author identity unknown

*** Please tell me who you are.

Run

  git config --global user.email "you@example.com"
  git config --global user.name "Your Name"

to set your account's default identity.
Omit --global to set the identity only in this repository.

fatal: unable to auto-detect email address (got 'DELL@DESKTOP-P4RUBFM.(none)')
PS C:\Users\DELL> git branch -M main
PS C:\Users\DELL> git remote add origin https://github.com/navitha-715/resume-builder.git
error: remote origin already exists.
PS C:\Users\DELL> git push -u origin main
error: src refspec main does not match any
error: failed to push some refs to 'https://github.com/navitha-715/resume-builder.git'
PS C:\Users\DELL>